// Jest Snapshot v1, https://goo.gl/fbAQLP

exports[`Pruebas en el componente AddCategory Debe de mostrar el componente 1`] = `
<form
  onSubmit={[Function]}
>
  <p>
     
     
  </p>
  <input
    className="input"
    onChange={[Function]}
    type="text"
    value=""
  />
</form>
`;
